// Jest Snapshot v1, https://goo.gl/fbAQLP

exports[`PageElement should match snapshot, for regression testing 1`] = `
<div
  className="element"
>
  test
</div>
`;
