// Jest Snapshot v1, https://goo.gl/fbAQLP

exports[`PageList should match snapshot for regression testing 1`] = `[Function]`;

exports[`PageList should match snapshot for regression testing 2`] = `[Function]`;
